// Vitest Snapshot v1, https://vitest.dev/guide/snapshot.html

exports[`LobeOpenAI > models > should get models 1`] = `
[
  {
    "contextWindowTokens": 16385,
    "displayName": "GPT 3.5 Turbo",
    "enabled": true,
    "functionCall": true,
    "id": "gpt-3.5-turbo",
    "reasoning": false,
    "vision": false,
  },
  {
    "contextWindowTokens": 16384,
    "displayName": "GPT 3.5 Turbo",
    "enabled": false,
    "functionCall": true,
    "id": "gpt-3.5-turbo-16k",
    "reasoning": false,
    "vision": false,
  },
  {
    "contextWindowTokens": undefined,
    "displayName": undefined,
    "enabled": false,
    "functionCall": true,
    "id": "gpt-3.5-turbo-16k-0613",
    "reasoning": false,
    "vision": false,
  },
  {
    "contextWindowTokens": undefined,
    "displayName": undefined,
    "enabled": false,
    "functionCall": true,
    "id": "gpt-4-1106-vision-preview",
    "reasoning": false,
    "vision": true,
  },
  {
    "contextWindowTokens": undefined,
    "displayName": undefined,
    "enabled": false,
    "functionCall": true,
    "id": "gpt-3.5-turbo-instruct-0914",
    "reasoning": false,
    "vision": false,
  },
  {
    "contextWindowTokens": 128000,
    "displayName": "GPT-4 Turbo Preview 0125",
    "enabled": false,
    "functionCall": true,
    "id": "gpt-4-0125-preview",
    "reasoning": false,
    "vision": false,
  },
  {
    "contextWindowTokens": 128000,
    "displayName": "GPT-4 Turbo Preview",
    "enabled": false,
    "functionCall": true,
    "id": "gpt-4-turbo-preview",
    "reasoning": false,
    "vision": false,
  },
  {
    "contextWindowTokens": 4096,
    "displayName": "GPT-3.5 Turbo Instruct",
    "enabled": false,
    "functionCall": true,
    "id": "gpt-3.5-turbo-instruct",
    "reasoning": false,
    "vision": false,
  },
  {
    "contextWindowTokens": undefined,
    "displayName": undefined,
    "enabled": false,
    "functionCall": true,
    "id": "gpt-3.5-turbo-0301",
    "reasoning": false,
    "vision": false,
  },
  {
    "contextWindowTokens": undefined,
    "displayName": undefined,
    "enabled": false,
    "functionCall": true,
    "id": "gpt-3.5-turbo-0613",
    "reasoning": false,
    "vision": false,
  },
  {
    "contextWindowTokens": 16385,
    "displayName": "GPT-3.5 Turbo 1106",
    "enabled": false,
    "functionCall": true,
    "id": "gpt-3.5-turbo-1106",
    "reasoning": false,
    "vision": false,
  },
  {
    "contextWindowTokens": 128000,
    "displayName": "GPT-4 Turbo Preview 1106",
    "enabled": false,
    "functionCall": true,
    "id": "gpt-4-1106-preview",
    "reasoning": false,
    "vision": false,
  },
  {
    "contextWindowTokens": 128000,
    "displayName": "GPT 4 Turbo with Vision Preview",
    "enabled": false,
    "functionCall": true,
    "id": "gpt-4-vision-preview",
    "reasoning": false,
    "vision": true,
  },
  {
    "contextWindowTokens": 128000,
    "displayName": "GPT 4 Turbo",
    "enabled": true,
    "functionCall": true,
    "id": "gpt-4",
    "reasoning": false,
    "vision": false,
  },
  {
    "contextWindowTokens": 16385,
    "displayName": "GPT-3.5 Turbo 0125",
    "enabled": false,
    "functionCall": true,
    "id": "gpt-3.5-turbo-0125",
    "reasoning": false,
    "vision": false,
  },
  {
    "contextWindowTokens": 8192,
    "displayName": "GPT-4 0613",
    "enabled": false,
    "functionCall": true,
    "id": "gpt-4-0613",
    "reasoning": false,
    "vision": false,
  },
]
`;
